stm32f1xx_it.c:52:6:NMI_Handler	4	static
stm32f1xx_it.c:61:6:HardFault_Handler	4	static
stm32f1xx_it.c:74:6:MemManage_Handler	4	static
stm32f1xx_it.c:87:6:BusFault_Handler	4	static
stm32f1xx_it.c:100:6:UsageFault_Handler	4	static
stm32f1xx_it.c:113:6:SVC_Handler	4	static
stm32f1xx_it.c:122:6:DebugMon_Handler	4	static
stm32f1xx_it.c:131:6:PendSV_Handler	4	static
stm32f1xx_it.c:140:6:SysTick_Handler	4	static
stm32f1xx_it.c:167:6:EXTI0_IRQHandler	8	static
stm32f1xx_it.c:192:6:EXTI1_IRQHandler	4	static
stm32f1xx_it.c:203:6:EXTI2_IRQHandler	4	static
stm32f1xx_it.c:214:6:EXTI3_IRQHandler	4	static
stm32f1xx_it.c:225:6:DMA1_Channel3_IRQHandler	4	static
